 WARN  Unsupported engine: wanted: {"node":">=24 <25"} (current: {"node":"v20.20.2","pnpm":"10.33.0"})
Scope: all 40 workspace projects
Lockfile is up to date, resolution step is skipped
Progress: resolved 1, reused 0, downloaded 0, added 0
Packages: +2512
++++++++++++++++++++++++++++++++++++++++++++++++++++++++++++++++++++++++++++++++
Progress: resolved 2512, reused 0, downloaded 0, added 0
Progress: resolved 2512, reused 0, downloaded 15, added 0
Progress: resolved 2512, reused 0, downloaded 17, added 3
Progress: resolved 2512, reused 0, downloaded 101, added 39
Progress: resolved 2512, reused 0, downloaded 250, added 95
Progress: resolved 2512, reused 0, downloaded 290, added 109
Progress: resolved 2512, reused 0, downloaded 310, added 117
Progress: resolved 2512, reused 0, downloaded 418, added 159
Progress: resolved 2512, reused 0, downloaded 452, added 171
Progress: resolved 2512, reused 0, downloaded 574, added 225
Progress: resolved 2512, reused 0, downloaded 598, added 233
Progress: resolved 2512, reused 0, downloaded 630, added 243
Progress: resolved 2512, reused 0, downloaded 631, added 243
Progress: resolved 2512, reused 0, downloaded 661, added 251
Progress: resolved 2512, reused 0, downloaded 706, added 270
Progress: resolved 2512, reused 0, downloaded 724, added 274
Progress: resolved 2512, reused 0, downloaded 754, added 282
Progress: resolved 2512, reused 0, downloaded 764, added 286
Progress: resolved 2512, reused 0, downloaded 772, added 290
Progress: resolved 2512, reused 0, downloaded 774, added 290
Progress: resolved 2512, reused 0, downloaded 775, added 290
Progress: resolved 2512, reused 0, downloaded 779, added 290
Progress: resolved 2512, reused 0, downloaded 781, added 293
Progress: resolved 2512, reused 0, downloaded 820, added 302
Progress: resolved 2512, reused 0, downloaded 900, added 331
Progress: resolved 2512, reused 0, downloaded 1062, added 392
Progress: resolved 2512, reused 0, downloaded 1163, added 428
Progress: resolved 2512, reused 0, downloaded 1251, added 460
Progress: resolved 2512, reused 0, downloaded 1348, added 493
Progress: resolved 2512, reused 0, downloaded 1458, added 534
Progress: resolved 2512, reused 0, downloaded 1530, added 564
Progress: resolved 2512, reused 0, downloaded 1595, added 585
Progress: resolved 2512, reused 0, downloaded 1604, added 588
Progress: resolved 2512, reused 0, downloaded 1633, added 597
Progress: resolved 2512, reused 0, downloaded 1706, added 624
Progress: resolved 2512, reused 0, downloaded 1782, added 653
Progress: resolved 2512, reused 0, downloaded 1799, added 658
Progress: resolved 2512, reused 0, downloaded 1833, added 670
Progress: resolved 2512, reused 0, downloaded 1842, added 671
Progress: resolved 2512, reused 0, downloaded 1904, added 690
Progress: resolved 2512, reused 0, downloaded 1993, added 728
Progress: resolved 2512, reused 0, downloaded 2046, added 743
Progress: resolved 2512, reused 0, downloaded 2145, added 783
Progress: resolved 2512, reused 0, downloaded 2161, added 787
Progress: resolved 2512, reused 0, downloaded 2176, added 791
Progress: resolved 2512, reused 0, downloaded 2192, added 799
Progress: resolved 2512, reused 0, downloaded 2193, added 799
Progress: resolved 2512, reused 0, downloaded 2212, added 803
Progress: resolved 2512, reused 0, downloaded 2222, added 807
Progress: resolved 2512, reused 0, downloaded 2270, added 827
Progress: resolved 2512, reused 0, downloaded 2306, added 839
Progress: resolved 2512, reused 0, downloaded 2373, added 863
Progress: resolved 2512, reused 0, downloaded 2429, added 1124
Progress: resolved 2512, reused 0, downloaded 2429, added 1438
Progress: resolved 2512, reused 0, downloaded 2429, added 1868
Progress: resolved 2512, reused 0, downloaded 2429, added 2045
Progress: resolved 2512, reused 0, downloaded 2429, added 2385
Progress: resolved 2512, reused 0, downloaded 2429, added 2512, done
.../node_modules/core-js-pure postinstall$ node -e "try{require('./postinstall')}catch(e){}"
.../node_modules/@swc/core postinstall$ node postinstall.js
.../esbuild@0.27.4/node_modules/esbuild postinstall$ node install.js
.../node_modules/protobufjs postinstall$ node scripts/postinstall
.../node_modules/core-js-pure postinstall: Thank you for using core-js ( https://github.com/zloirock/core-js ) for polyfilling JavaScript standard library!
.../node_modules/core-js-pure postinstall: The project needs your help! Please consider supporting core-js:
.../node_modules/core-js-pure postinstall: > https://opencollective.com/core-js 
.../node_modules/core-js-pure postinstall: > https://patreon.com/zloirock 
.../node_modules/core-js-pure postinstall: > https://boosty.to/zloirock 
.../node_modules/core-js-pure postinstall: > bitcoin: bc1qlea7544qtsmj2rayg0lthvza9fau63ux0fstcz 
.../node_modules/core-js-pure postinstall: I highly recommend reading this: https://github.com/zloirock/core-js/blob/master/docs/2023-02-14-so-whats-next.md 
.../node_modules/core-js-pure postinstall: Done
.../node_modules/@swc/core postinstall: Done
.../esbuild@0.27.4/node_modules/esbuild postinstall: Done
.../node_modules/workerd postinstall$ node install.js
.../node_modules/protobufjs postinstall: Done
.../node_modules/workerd postinstall: Done
.../node_modules/workerd postinstall$ node install.js
.../node_modules/workerd postinstall$ node install.js
.../node_modules/workerd postinstall: Done
.../node_modules/workerd postinstall: Done
.../stream-chat-react-native-core postinstall$ node ./bin/patch-bottom-sheet-5.1.8-pr-2561.js
.../stream-chat-react-native-core postinstall: Done

devDependencies:
+ @typescript/native-preview 7.0.0-dev.20260319.1
+ husky 9.1.7
+ ink 6.8.0
+ oxfmt 0.40.0
+ oxlint 1.55.0
+ oxlint-plugin-react-native 0.2.9
+ oxlint-tsgolint 0.17.1
+ react 19.2.4
+ tsx 4.21.0
+ typescript 5.9.3

. prepare$ bash scripts/prepare.sh
. prepare: .                                        |  WARN  Unsupported engine: wanted: {"node":">=24 <25"} (current: {"node":"v20.20.2","pnpm":"10.33.0"})
. prepare: > @kilocode/trpc@0.0.1 build /workspace/9d278969-5453-4ae3-a51f-a8d2274a7b56/2bbc9955-5dc2-428c-a353-be59d89a8130/sessions/agent_a985ef68-6a68-4bf7-8c37-6e7886b7b748/packages/trpc
. prepare: > tsgo -p tsconfig.json && rollup -c rollup.config.mjs
. prepare: [36m
. prepare: [1m./dist/tsc/packages/trpc/src/index.d.ts[22m → [1m./dist/index.d.ts[22m...[39m
. prepare: [1m[33m(!) Unresolved dependencies[39m[22m
. prepare: [90mhttps://rollupjs.org/troubleshooting/#warning-treating-module-as-external-dependency[39m
. prepare: [1m@kilocode/worker-utils[22m (imported by "dist/tsc/apps/web/src/lib/kiloclaw/kiloclaw-internal-client.d.ts")
. prepare: [32mcreated [1m./dist/index.d.ts[22m in [1m2.4s[22m[39m
. prepare: Done
Done in 1m 54.5s using pnpm v10.33.0
